// Jest Snapshot v1, https://goo.gl/fbAQLP

exports[`App Component should match snapshot 1`] = `
<BrowserRouter>
  <div>
    <Connect(Header) />
    <Container />
    <Footer />
  </div>
</BrowserRouter>
`;
