// Jest Snapshot v1, https://goo.gl/fbAQLP

exports[`Loader Component should match snapshot 1`] = `
<div
  id="loader"
>
  <center>
    <img
      alt="loading..."
      src="test-file-stub"
      width="80px"
    />
  </center>
</div>
`;
